{"logTime": "0305/221819", "correlationVector":"jKZaZDYS4O8XOvbaqw/V6C","action":"Commit Request", "result":"", "context":Item count: 3
Contributing types: Autofill Profiles, Sessions}
{"logTime": "0305/221819", "correlationVector":"jKZaZDYS4O8XOvbaqw/V6C.1","action":"SyncServerConnectionManagerRequest", "result":"SYNC_SERVER_OK", "context":{"environment":"Prod_brazilsouth_prod-s01-034-sam-brazilsouth", "migrationStage":"NotStarted", "server":"akswtt005000008"}}
{"logTime": "0305/221819", "correlationVector":"jKZaZDYS4O8XOvbaqw/V6C.2","action":"Commit Response", "result":"Success", "context":Result: Success. cV=jKZaZDYS4O8XOvbaqw/V6C.0;server=akswtt005000008;cloudType=Consumer;environment=Prod_brazilsouth_prod-s01-034-sam-brazilsouth;migrationStage=NotStarted}
{"logTime": "0305/221833", "correlationVector":"o/dUmvmKDFW8wQW4uZwtpc","action":"Commit Request", "result":"", "context":Item count: 2
Contributing types: Autofill, Sessions}
{"logTime": "0305/221833", "correlationVector":"o/dUmvmKDFW8wQW4uZwtpc.1","action":"SyncServerConnectionManagerRequest", "result":"SYNC_SERVER_OK", "context":{"environment":"Prod_brazilsouth_prod-s01-034-sam-brazilsouth", "migrationStage":"NotStarted", "server":"akswtt00500000v"}}
{"logTime": "0305/221833", "correlationVector":"o/dUmvmKDFW8wQW4uZwtpc.2","action":"Commit Response", "result":"Success", "context":Result: Success. cV=o/dUmvmKDFW8wQW4uZwtpc.0;server=akswtt00500000v;cloudType=Consumer;environment=Prod_brazilsouth_prod-s01-034-sam-brazilsouth;migrationStage=NotStarted}
{"logTime": "0305/231834", "correlationVector":"jPulOYpKnnWaEonJnoPZgI","action":"Commit Request", "result":"", "context":Item count: 4
Contributing types: Sessions}
{"logTime": "0305/231835", "correlationVector":"jPulOYpKnnWaEonJnoPZgI.1","action":"SyncServerConnectionManagerRequest", "result":"SYNC_SERVER_OK", "context":{"environment":"Prod_brazilsouth_prod-s01-001-sam-brazilsouth", "migrationStage":"NotStarted", "server":"akswtt20800001m"}}
{"logTime": "0305/231835", "correlationVector":"jPulOYpKnnWaEonJnoPZgI.3","action":"Commit.Sessions", "result":"Success", "context":{"id":"fade00cd-ecc3-44db-a03b-bdb7bdd2309e", "isDeleted":"true", "size":"0", "version":"1741208544992"}}
{"logTime": "0305/231835", "correlationVector":"jPulOYpKnnWaEonJnoPZgI.2","action":"Commit Response", "result":"Success", "context":Result: Success. cV=jPulOYpKnnWaEonJnoPZgI.0;server=akswtt20800001m;cloudType=Consumer;environment=Prod_brazilsouth_prod-s01-001-sam-brazilsouth;migrationStage=NotStarted}
{"logTime": "0305/234159", "correlationVector":"csgr2J2UII92fED4DiQyRp","action":"Commit Request", "result":"", "context":Item count: 4
Contributing types: Preferences, Sessions}
{"logTime": "0305/234159", "correlationVector":"csgr2J2UII92fED4DiQyRp.1","action":"SyncServerConnectionManagerRequest", "result":"SYNC_SERVER_OK", "context":{"environment":"Prod_brazilsouth_prod-s01-001-sam-brazilsouth", "migrationStage":"NotStarted", "server":"akswtt20800000l"}}
{"logTime": "0305/234159", "correlationVector":"csgr2J2UII92fED4DiQyRp.2","action":"Commit Response", "result":"Success", "context":Result: Success. cV=csgr2J2UII92fED4DiQyRp.0;server=akswtt20800000l;cloudType=Consumer;environment=Prod_brazilsouth_prod-s01-001-sam-brazilsouth;migrationStage=NotStarted}
{"logTime": "0305/235906", "correlationVector":"bgsee4FZbTtQW0QRDzUcbE","action":"Commit Request", "result":"", "context":Item count: 1
Contributing types: Device Info}
{"logTime": "0305/235907", "correlationVector":"bgsee4FZbTtQW0QRDzUcbE.1","action":"SyncServerConnectionManagerRequest", "result":"SYNC_SERVER_OK", "context":{"environment":"Prod_brazilsouth_prod-s01-034-sam-brazilsouth", "migrationStage":"NotStarted", "server":"akswtt00500001e"}}
{"logTime": "0305/235907", "correlationVector":"bgsee4FZbTtQW0QRDzUcbE.2","action":"Commit Response", "result":"Success", "context":Result: Success. cV=bgsee4FZbTtQW0QRDzUcbE.0;server=akswtt00500001e;cloudType=Consumer;environment=Prod_brazilsouth_prod-s01-034-sam-brazilsouth;migrationStage=NotStarted}
{"logTime": "0306/021149", "correlationVector":"it+WqBjGKSv8cjiDTmTtg6","action":"History delete request", "result":""}
{"logTime": "0306/021150", "correlationVector":"it+WqBjGKSv8cjiDTmTtg6.0","action":"History delete response", "result":"200", "context":{"server":"akswtt00500000p"}}
{"logTime": "0306/022737", "correlationVector":"iwRYRl3AL20RYx8gXUP1+Z.1","action":"SyncServerConnectionManagerRequest", "result":"SYNC_SERVER_OK", "context":{"environment":"Prod_brazilsouth_prod-s01-001-sam-brazilsouth", "migrationStage":"NotStarted", "server":"akswtt208000034"}}
{"logTime": "0306/022737", "correlationVector":"iwRYRl3AL20RYx8gXUP1+Z","action":"Initial GetUpdates", "result":"", "context":Reason: NEW_CLIENT. cV=iwRYRl3AL20RYx8gXUP1+Z}
{"logTime": "0306/022737", "correlationVector":"iwRYRl3AL20RYx8gXUP1+Z.2","action":"GetUpdates Response", "result":"Success", "context":Received 1 update(s). cV=iwRYRl3AL20RYx8gXUP1+Z.0;server=akswtt208000034;cloudType=Consumer;environment=Prod_brazilsouth_prod-s01-001-sam-brazilsouth;migrationStage=NotStarted}
{"logTime": "0306/022737", "correlationVector":"wxziEnSK12lVPsz+FN1jau","action":"Initial GetUpdates", "result":"", "context":Reason: NEWLY_SUPPORTED_DATATYPE. cV=wxziEnSK12lVPsz+FN1jau}
{"logTime": "0306/022737", "correlationVector":"wxziEnSK12lVPsz+FN1jau.1","action":"SyncServerConnectionManagerRequest", "result":"SYNC_SERVER_OK", "context":{"environment":"Prod_brazilsouth_prod-s01-001-sam-brazilsouth", "migrationStage":"NotStarted", "server":"akswtt20800000v"}}
{"logTime": "0306/022737", "correlationVector":"wxziEnSK12lVPsz+FN1jau.2","action":"GetUpdates Response", "result":"Success", "context":Received 0 update(s). cV=wxziEnSK12lVPsz+FN1jau.0;server=akswtt20800000v;cloudType=Consumer;environment=Prod_brazilsouth_prod-s01-001-sam-brazilsouth;migrationStage=NotStarted}
{"logTime": "0306/022737", "correlationVector":"1xfzIVbDu16GeyNUHv9IVy","action":"Initial GetUpdates", "result":"", "context":Reason: NEWLY_SUPPORTED_DATATYPE. cV=1xfzIVbDu16GeyNUHv9IVy}
{"logTime": "0306/022737", "correlationVector":"1xfzIVbDu16GeyNUHv9IVy.1","action":"SyncServerConnectionManagerRequest", "result":"SYNC_SERVER_OK", "context":{"environment":"Prod_brazilsouth_prod-s01-001-sam-brazilsouth", "migrationStage":"NotStarted", "server":"akswtt208000036"}}
{"logTime": "0306/022737", "correlationVector":"1xfzIVbDu16GeyNUHv9IVy.2","action":"GetUpdates Response", "result":"Success", "context":Received 10 update(s). cV=1xfzIVbDu16GeyNUHv9IVy.0;server=akswtt208000036;cloudType=Consumer;environment=Prod_brazilsouth_prod-s01-001-sam-brazilsouth;migrationStage=NotStarted}
{"logTime": "0306/022737", "correlationVector":"LsqDtf6SQN0ZOQuxczJeiF","action":"Initial GetUpdates", "result":"", "context":Reason: NEWLY_SUPPORTED_DATATYPE. cV=LsqDtf6SQN0ZOQuxczJeiF}
{"logTime": "0306/022737", "correlationVector":"LsqDtf6SQN0ZOQuxczJeiF.1","action":"SyncServerConnectionManagerRequest", "result":"SYNC_SERVER_OK", "context":{"environment":"Prod_brazilsouth_prod-s01-001-sam-brazilsouth", "migrationStage":"NotStarted", "server":"akswtt208000034"}}
{"logTime": "0306/022737", "correlationVector":"LsqDtf6SQN0ZOQuxczJeiF.2","action":"GetUpdates Response", "result":"Success", "context":Received 4 update(s). cV=LsqDtf6SQN0ZOQuxczJeiF.0;server=akswtt208000034;cloudType=Consumer;environment=Prod_brazilsouth_prod-s01-001-sam-brazilsouth;migrationStage=NotStarted}
{"logTime": "0306/022738", "correlationVector":"gJm7NVcL0r9xx2sNKH+xU+","action":"Normal GetUpdate request", "result":"", "context":cV=gJm7NVcL0r9xx2sNKH+xU+
Nudged types: Preferences, Sessions
Refresh requested types: Bookmarks, Preferences, Extensions, Sessions, Extension settings, History Delete Directives, Device Info, User Consents, Send Tab To Self, Web Apps, History, Collection, Edge E Drop, Edge Hub App Usage, Edge Tab Group, Edge Wallet, Encryption Keys}
{"logTime": "0306/022738", "correlationVector":"gJm7NVcL0r9xx2sNKH+xU+.1","action":"SyncServerConnectionManagerRequest", "result":"SYNC_SERVER_OK", "context":{"environment":"Prod_brazilsouth_prod-s01-001-sam-brazilsouth", "migrationStage":"NotStarted", "server":"akswtt208000030"}}
{"logTime": "0306/022738", "correlationVector":"gJm7NVcL0r9xx2sNKH+xU+.2","action":"GetUpdates Response", "result":"Success", "context":Received 0 update(s). cV=gJm7NVcL0r9xx2sNKH+xU+.0;server=akswtt208000030;cloudType=Consumer;environment=Prod_brazilsouth_prod-s01-001-sam-brazilsouth;migrationStage=NotStarted}
{"logTime": "0306/022738", "correlationVector":"YGl0STeGTV4kBs+y87L/C1","action":"History delete request", "result":""}
{"logTime": "0306/022738", "correlationVector":"YGl0STeGTV4kBs+y87L/C1.0","action":"History delete response", "result":"200", "context":{"server":"akswtt20800001v"}}
{"logTime": "0306/022738", "correlationVector":"rhfxYXfqhi4Bx7KuYmY1d3","action":"Commit Request", "result":"", "context":Item count: 40
Contributing types: Preferences}
{"logTime": "0306/022739", "correlationVector":"rhfxYXfqhi4Bx7KuYmY1d3.1","action":"SyncServerConnectionManagerRequest", "result":"SYNC_SERVER_OK", "context":{"environment":"Prod_brazilsouth_prod-s01-001-sam-brazilsouth", "migrationStage":"NotStarted", "server":"akswtt20800000v"}}
{"logTime": "0306/022739", "correlationVector":"rhfxYXfqhi4Bx7KuYmY1d3.2","action":"Commit Response", "result":"Success", "context":Result: Success. cV=rhfxYXfqhi4Bx7KuYmY1d3.0;server=akswtt20800000v;cloudType=Consumer;environment=Prod_brazilsouth_prod-s01-001-sam-brazilsouth;migrationStage=NotStarted}
{"logTime": "0306/022739", "correlationVector":"rhfxYXfqhi4Bx7KuYmY1d3.3","action":"Commit.Preferences", "result":"Conflict", "context":{"id":"", "isDeleted":"false", "size":"58", "version":"-1"}}
{"logTime": "0306/022739", "correlationVector":"rhfxYXfqhi4Bx7KuYmY1d3.4","action":"Commit.Preferences", "result":"Conflict", "context":{"id":"", "isDeleted":"false", "size":"52", "version":"-1"}}
{"logTime": "0306/022739", "correlationVector":"rhfxYXfqhi4Bx7KuYmY1d3.5","action":"Commit.Preferences", "result":"Conflict", "context":{"id":"", "isDeleted":"false", "size":"79", "version":"-1"}}
{"logTime": "0306/022739", "correlationVector":"rhfxYXfqhi4Bx7KuYmY1d3.6","action":"Commit.Preferences", "result":"Conflict", "context":{"id":"", "isDeleted":"false", "size":"501", "version":"-1"}}
{"logTime": "0306/022739", "correlationVector":"rhfxYXfqhi4Bx7KuYmY1d3.7","action":"Commit.Preferences", "result":"Conflict", "context":{"id":"", "isDeleted":"false", "size":"83", "version":"-1"}}
{"logTime": "0306/022739", "correlationVector":"rhfxYXfqhi4Bx7KuYmY1d3.8","action":"Commit.Preferences", "result":"Conflict", "context":{"id":"", "isDeleted":"false", "size":"34", "version":"-1"}}
{"logTime": "0306/022739", "correlationVector":"rhfxYXfqhi4Bx7KuYmY1d3.9","action":"Commit.Preferences", "result":"Conflict", "context":{"id":"", "isDeleted":"false", "size":"38", "version":"-1"}}
{"logTime": "0306/022739", "correlationVector":"rhfxYXfqhi4Bx7KuYmY1d3.10","action":"Commit.Preferences", "result":"Conflict", "context":{"id":"", "isDeleted":"false", "size":"125", "version":"-1"}}
{"logTime": "0306/022739", "correlationVector":"rhfxYXfqhi4Bx7KuYmY1d3.11","action":"Commit.Preferences", "result":"Conflict", "context":{"id":"", "isDeleted":"false", "size":"45", "version":"-1"}}
{"logTime": "0306/022739", "correlationVector":"rhfxYXfqhi4Bx7KuYmY1d3.12","action":"Commit.Preferences", "result":"Conflict", "context":{"id":"", "isDeleted":"false", "size":"29", "version":"-1"}}
{"logTime": "0306/022739", "correlationVector":"rhfxYXfqhi4Bx7KuYmY1d3.13","action":"Commit.Preferences", "result":"Conflict", "context":{"id":"", "isDeleted":"false", "size":"1900", "version":"-1"}}
{"logTime": "0306/022739", "correlationVector":"rhfxYXfqhi4Bx7KuYmY1d3.14","action":"Commit.Preferences", "result":"Conflict", "context":{"id":"", "isDeleted":"false", "size":"54", "version":"-1"}}
{"logTime": "0306/022739", "correlationVector":"rhfxYXfqhi4Bx7KuYmY1d3.15","action":"Commit.Preferences", "result":"Conflict", "context":{"id":"", "isDeleted":"false", "size":"47", "version":"-1"}}
{"logTime": "0306/022739", "correlationVector":"rhfxYXfqhi4Bx7KuYmY1d3.16","action":"Commit.Preferences", "result":"Conflict", "context":{"id":"", "isDeleted":"false", "size":"48", "version":"-1"}}
{"logTime": "0306/022739", "correlationVector":"rhfxYXfqhi4Bx7KuYmY1d3.17","action":"Commit.Preferences", "result":"Conflict", "context":{"id":"", "isDeleted":"false", "size":"59", "version":"-1"}}
{"logTime": "0306/022739", "correlationVector":"rhfxYXfqhi4Bx7KuYmY1d3.18","action":"Commit.Preferences", "result":"Conflict", "context":{"id":"", "isDeleted":"false", "size":"65", "version":"-1"}}
{"logTime": "0306/022739", "correlationVector":"rhfxYXfqhi4Bx7KuYmY1d3.19","action":"Commit.Preferences", "result":"Conflict", "context":{"id":"", "isDeleted":"false", "size":"53", "version":"-1"}}
{"logTime": "0306/022739", "correlationVector":"rhfxYXfqhi4Bx7KuYmY1d3.20","action":"Commit.Preferences", "result":"Conflict", "context":{"id":"", "isDeleted":"false", "size":"61", "version":"-1"}}
{"logTime": "0306/022739", "correlationVector":"rhfxYXfqhi4Bx7KuYmY1d3.21","action":"Commit.Preferences", "result":"Conflict", "context":{"id":"", "isDeleted":"false", "size":"39", "version":"-1"}}
{"logTime": "0306/022739", "correlationVector":"rhfxYXfqhi4Bx7KuYmY1d3.22","action":"Commit.Preferences", "result":"Conflict", "context":{"id":"", "isDeleted":"false", "size":"126", "version":"-1"}}
{"logTime": "0306/022739", "correlationVector":"rhfxYXfqhi4Bx7KuYmY1d3.23","action":"Commit.Preferences", "result":"Conflict", "context":{"id":"", "isDeleted":"false", "size":"84", "version":"-1"}}
{"logTime": "0306/022739", "correlationVector":"rhfxYXfqhi4Bx7KuYmY1d3.24","action":"Commit.Preferences", "result":"Conflict", "context":{"id":"", "isDeleted":"false", "size":"73", "version":"-1"}}
{"logTime": "0306/022739", "correlationVector":"rhfxYXfqhi4Bx7KuYmY1d3.25","action":"Commit.Preferences", "result":"Conflict", "context":{"id":"", "isDeleted":"false", "size":"78", "version":"-1"}}
{"logTime": "0306/022739", "correlationVector":"rhfxYXfqhi4Bx7KuYmY1d3.26","action":"Commit.Preferences", "result":"Conflict", "context":{"id":"", "isDeleted":"false", "size":"59", "version":"-1"}}
{"logTime": "0306/022739", "correlationVector":"rhfxYXfqhi4Bx7KuYmY1d3.27","action":"Commit.Preferences", "result":"Conflict", "context":{"id":"", "isDeleted":"false", "size":"40", "version":"-1"}}
{"logTime": "0306/022739", "correlationVector":"rhfxYXfqhi4Bx7KuYmY1d3.28","action":"Commit.Preferences", "result":"Conflict", "context":{"id":"", "isDeleted":"false", "size":"75", "version":"-1"}}
{"logTime": "0306/022739", "correlationVector":"rhfxYXfqhi4Bx7KuYmY1d3.29","action":"Commit.Preferences", "result":"Conflict", "context":{"id":"", "isDeleted":"false", "size":"31", "version":"-1"}}
{"logTime": "0306/022739", "correlationVector":"rhfxYXfqhi4Bx7KuYmY1d3.30","action":"Commit.Preferences", "result":"Conflict", "context":{"id":"", "isDeleted":"false", "size":"39", "version":"-1"}}
{"logTime": "0306/022739", "correlationVector":"rhfxYXfqhi4Bx7KuYmY1d3.31","action":"Commit.Preferences", "result":"Conflict", "context":{"id":"", "isDeleted":"false", "size":"56", "version":"-1"}}
{"logTime": "0306/022739", "correlationVector":"rhfxYXfqhi4Bx7KuYmY1d3.32","action":"Commit.Preferences", "result":"Conflict", "context":{"id":"", "isDeleted":"false", "size":"50", "version":"-1"}}
{"logTime": "0306/022739", "correlationVector":"rhfxYXfqhi4Bx7KuYmY1d3.33","action":"Commit.Preferences", "result":"Conflict", "context":{"id":"", "isDeleted":"false", "size":"55", "version":"-1"}}
{"logTime": "0306/022739", "correlationVector":"rhfxYXfqhi4Bx7KuYmY1d3.34","action":"Commit.Preferences", "result":"Conflict", "context":{"id":"", "isDeleted":"false", "size":"24", "version":"-1"}}
{"logTime": "0306/022739", "correlationVector":"rhfxYXfqhi4Bx7KuYmY1d3.35","action":"Commit.Preferences", "result":"Conflict", "context":{"id":"", "isDeleted":"false", "size":"44", "version":"-1"}}
{"logTime": "0306/022739", "correlationVector":"rhfxYXfqhi4Bx7KuYmY1d3.36","action":"Commit.Preferences", "result":"Conflict", "context":{"id":"", "isDeleted":"false", "size":"37", "version":"-1"}}
{"logTime": "0306/022739", "correlationVector":"rhfxYXfqhi4Bx7KuYmY1d3.37","action":"Commit.Preferences", "result":"Conflict", "context":{"id":"", "isDeleted":"false", "size":"34", "version":"-1"}}
{"logTime": "0306/022739", "correlationVector":"rhfxYXfqhi4Bx7KuYmY1d3.38","action":"Commit.Preferences", "result":"Conflict", "context":{"id":"", "isDeleted":"false", "size":"56", "version":"-1"}}
{"logTime": "0306/022739", "correlationVector":"rhfxYXfqhi4Bx7KuYmY1d3.39","action":"Commit.Preferences", "result":"Conflict", "context":{"id":"", "isDeleted":"false", "size":"60", "version":"-1"}}
{"logTime": "0306/022739", "correlationVector":"rhfxYXfqhi4Bx7KuYmY1d3.40","action":"Commit.Preferences", "result":"Conflict", "context":{"id":"", "isDeleted":"false", "size":"52", "version":"-1"}}
{"logTime": "0306/022739", "correlationVector":"rhfxYXfqhi4Bx7KuYmY1d3.41","action":"Commit.Preferences", "result":"Conflict", "context":{"id":"", "isDeleted":"false", "size":"46", "version":"-1"}}
{"logTime": "0306/022739", "correlationVector":"rhfxYXfqhi4Bx7KuYmY1d3.42","action":"Commit.Preferences", "result":"Conflict", "context":{"id":"", "isDeleted":"false", "size":"39", "version":"-1"}}
{"logTime": "0306/022739", "correlationVector":"PWXpV8fSOwZwyfTQ2e0xT+","action":"History delete request", "result":""}
{"logTime": "0306/022739", "correlationVector":"PWXpV8fSOwZwyfTQ2e0xT+.0","action":"History delete response", "result":"200", "context":{"server":"akswtt20800000l"}}
{"logTime": "0306/022740", "correlationVector":"IeP7CFIaP4L/d2ycZWShKU","action":"Normal GetUpdate request", "result":"", "context":cV=IeP7CFIaP4L/d2ycZWShKU
Nudged types: Preferences, Sessions
Refresh requested types: Bookmarks, Preferences, Extensions, Sessions, Extension settings, History Delete Directives, Device Info, User Consents, Send Tab To Self, Web Apps, History, Collection, Edge E Drop, Edge Hub App Usage, Edge Tab Group, Edge Wallet, Encryption Keys}
{"logTime": "0306/022740", "correlationVector":"IeP7CFIaP4L/d2ycZWShKU.1","action":"SyncServerConnectionManagerRequest", "result":"SYNC_SERVER_OK", "context":{"environment":"Prod_brazilsouth_prod-s01-001-sam-brazilsouth", "migrationStage":"NotStarted", "server":"akswtt208000034"}}
{"logTime": "0306/022740", "correlationVector":"IeP7CFIaP4L/d2ycZWShKU.2","action":"GetUpdates Response", "result":"Success", "context":Received 40 update(s). cV=IeP7CFIaP4L/d2ycZWShKU.0;server=akswtt208000034;cloudType=Consumer;environment=Prod_brazilsouth_prod-s01-001-sam-brazilsouth;migrationStage=NotStarted}
{"logTime": "0306/022741", "correlationVector":"cPfy5Kw95hlexa08Sn6kIJ","action":"Commit Request", "result":"", "context":Item count: 23
Contributing types: Preferences, Sessions}
{"logTime": "0306/022741", "correlationVector":"cPfy5Kw95hlexa08Sn6kIJ.1","action":"SyncServerConnectionManagerRequest", "result":"SYNC_SERVER_OK", "context":{"environment":"Prod_brazilsouth_prod-s01-001-sam-brazilsouth", "migrationStage":"NotStarted", "server":"akswtt20800000v"}}
{"logTime": "0306/022741", "correlationVector":"cPfy5Kw95hlexa08Sn6kIJ.3","action":"Commit.Preferences", "result":"Conflict", "context":{"id":"", "isDeleted":"false", "size":"211", "version":"-1"}}
{"logTime": "0306/022741", "correlationVector":"cPfy5Kw95hlexa08Sn6kIJ.4","action":"Commit.Preferences", "result":"Conflict", "context":{"id":"", "isDeleted":"false", "size":"41", "version":"-1"}}
{"logTime": "0306/022741", "correlationVector":"cPfy5Kw95hlexa08Sn6kIJ.2","action":"Commit Response", "result":"Success", "context":Result: Success. cV=cPfy5Kw95hlexa08Sn6kIJ.0;server=akswtt20800000v;cloudType=Consumer;environment=Prod_brazilsouth_prod-s01-001-sam-brazilsouth;migrationStage=NotStarted}
{"logTime": "0306/022741", "correlationVector":"cPfy5Kw95hlexa08Sn6kIJ.5","action":"Commit.Preferences", "result":"Conflict", "context":{"id":"", "isDeleted":"false", "size":"39", "version":"-1"}}
{"logTime": "0306/022741", "correlationVector":"cPfy5Kw95hlexa08Sn6kIJ.6","action":"Commit.Preferences", "result":"Conflict", "context":{"id":"", "isDeleted":"false", "size":"47", "version":"-1"}}
{"logTime": "0306/022741", "correlationVector":"cPfy5Kw95hlexa08Sn6kIJ.7","action":"Commit.Preferences", "result":"Conflict", "context":{"id":"", "isDeleted":"false", "size":"45", "version":"-1"}}
{"logTime": "0306/022741", "correlationVector":"cPfy5Kw95hlexa08Sn6kIJ.8","action":"Commit.Preferences", "result":"Conflict", "context":{"id":"", "isDeleted":"false", "size":"76", "version":"-1"}}
{"logTime": "0306/022741", "correlationVector":"cPfy5Kw95hlexa08Sn6kIJ.9","action":"Commit.Preferences", "result":"Conflict", "context":{"id":"", "isDeleted":"false", "size":"32", "version":"-1"}}
{"logTime": "0306/022741", "correlationVector":"cPfy5Kw95hlexa08Sn6kIJ.10","action":"Commit.Preferences", "result":"Conflict", "context":{"id":"", "isDeleted":"false", "size":"40", "version":"-1"}}
{"logTime": "0306/022741", "correlationVector":"cPfy5Kw95hlexa08Sn6kIJ.11","action":"Commit.Preferences", "result":"Conflict", "context":{"id":"", "isDeleted":"false", "size":"52", "version":"-1"}}
{"logTime": "0306/022741", "correlationVector":"cPfy5Kw95hlexa08Sn6kIJ.12","action":"Commit.Preferences", "result":"Conflict", "context":{"id":"", "isDeleted":"false", "size":"52", "version":"-1"}}
{"logTime": "0306/022741", "correlationVector":"cPfy5Kw95hlexa08Sn6kIJ.13","action":"Commit.Preferences", "result":"Conflict", "context":{"id":"", "isDeleted":"false", "size":"60", "version":"-1"}}
{"logTime": "0306/022741", "correlationVector":"cPfy5Kw95hlexa08Sn6kIJ.14","action":"Commit.Preferences", "result":"Conflict", "context":{"id":"", "isDeleted":"false", "size":"43", "version":"-1"}}
{"logTime": "0306/022741", "correlationVector":"cPfy5Kw95hlexa08Sn6kIJ.15","action":"Commit.Preferences", "result":"Conflict", "context":{"id":"", "isDeleted":"false", "size":"49", "version":"-1"}}
{"logTime": "0306/022741", "correlationVector":"cPfy5Kw95hlexa08Sn6kIJ.16","action":"Commit.Preferences", "result":"Conflict", "context":{"id":"", "isDeleted":"false", "size":"589", "version":"-1"}}
{"logTime": "0306/022741", "correlationVector":"cPfy5Kw95hlexa08Sn6kIJ.17","action":"Commit.Preferences", "result":"Conflict", "context":{"id":"", "isDeleted":"false", "size":"77", "version":"-1"}}
{"logTime": "0306/022741", "correlationVector":"cPfy5Kw95hlexa08Sn6kIJ.18","action":"Commit.Preferences", "result":"Conflict", "context":{"id":"", "isDeleted":"false", "size":"48", "version":"-1"}}
{"logTime": "0306/022741", "correlationVector":"cPfy5Kw95hlexa08Sn6kIJ.19","action":"Commit.Preferences", "result":"Conflict", "context":{"id":"", "isDeleted":"false", "size":"62", "version":"-1"}}
{"logTime": "0306/022741", "correlationVector":"cPfy5Kw95hlexa08Sn6kIJ.20","action":"Commit.Preferences", "result":"Conflict", "context":{"id":"", "isDeleted":"false", "size":"35", "version":"-1"}}
{"logTime": "0306/022741", "correlationVector":"cPfy5Kw95hlexa08Sn6kIJ.21","action":"Commit.Preferences", "result":"Conflict", "context":{"id":"", "isDeleted":"false", "size":"69", "version":"-1"}}
{"logTime": "0306/022741", "correlationVector":"cPfy5Kw95hlexa08Sn6kIJ.22","action":"Commit.Sessions", "result":"Success", "context":{"id":"ed83188e-f8bc-4c00-83b2-5e8ffa9b26e2", "isDeleted":"true", "size":"0", "version":"1741216716057"}}
{"logTime": "0306/022741", "correlationVector":"cPfy5Kw95hlexa08Sn6kIJ.23","action":"Commit.Sessions", "result":"Success", "context":{"id":"943c6e34-246f-42a1-a8dd-da0c84770376", "isDeleted":"true", "size":"0", "version":"1741218120597"}}
{"logTime": "0306/022741", "correlationVector":"cPfy5Kw95hlexa08Sn6kIJ.24","action":"Commit.Sessions", "result":"Success", "context":{"id":"06a8cc56-73b0-4e1e-8807-f40085814911", "isDeleted":"true", "size":"0", "version":"1741218120598"}}
{"logTime": "0306/022742", "correlationVector":"vAOQUKxCNIoBjrPz8bUOE/","action":"Normal GetUpdate request", "result":"", "context":cV=vAOQUKxCNIoBjrPz8bUOE/
Nudged types: Preferences, Sessions
Refresh requested types: Bookmarks, Preferences, Extensions, Sessions, Extension settings, History Delete Directives, Device Info, User Consents, Send Tab To Self, Web Apps, History, Collection, Edge E Drop, Edge Hub App Usage, Edge Tab Group, Edge Wallet, Encryption Keys}
{"logTime": "0306/022742", "correlationVector":"vAOQUKxCNIoBjrPz8bUOE/.1","action":"SyncServerConnectionManagerRequest", "result":"SYNC_SERVER_OK", "context":{"environment":"Prod_brazilsouth_prod-s01-001-sam-brazilsouth", "migrationStage":"NotStarted", "server":"akswtt20800000v"}}
{"logTime": "0306/022742", "correlationVector":"vAOQUKxCNIoBjrPz8bUOE/.2","action":"GetUpdates", "result":"DeleteReceived", "context":{"id":"ed83188e-f8bc-4c00-83b2-5e8ffa9b26e2", "isDeleted:":"true", "version":"1741228062454"}}
{"logTime": "0306/022742", "correlationVector":"vAOQUKxCNIoBjrPz8bUOE/.3","action":"GetUpdates", "result":"DeleteReceived", "context":{"id":"943c6e34-246f-42a1-a8dd-da0c84770376", "isDeleted:":"true", "version":"1741228062455"}}
{"logTime": "0306/022742", "correlationVector":"vAOQUKxCNIoBjrPz8bUOE/.4","action":"GetUpdates", "result":"DeleteReceived", "context":{"id":"06a8cc56-73b0-4e1e-8807-f40085814911", "isDeleted:":"true", "version":"1741228062456"}}
{"logTime": "0306/022742", "correlationVector":"vAOQUKxCNIoBjrPz8bUOE/.5","action":"GetUpdates Response", "result":"Success", "context":Received 4 update(s). cV=vAOQUKxCNIoBjrPz8bUOE/.0;server=akswtt20800000v;cloudType=Consumer;environment=Prod_brazilsouth_prod-s01-001-sam-brazilsouth;migrationStage=NotStarted}
{"logTime": "0306/022817", "correlationVector":"dAENdsNIQFedTKQjba+C1x","action":"History delete request", "result":""}
{"logTime": "0306/022817", "correlationVector":"","action":"History delete response", "result":"-1", "context":{"server":""}}
