2025-03-06T02:12:08.143Z P:7252 T:7256] SyncServiceImpl::ResetEngine,Reset engine with reason: 0
2025-03-06T02:12:08.143Z P:7252 T:7256] SyncServiceImpl::ResetEngine,Reset engine with reason: 0
2025-03-06T02:12:08.147Z P:7252 T:7556] SyncSchedulerImpl::OnSyncNetworkError,Syncer error: Network error (ERR_IO_PENDING)
2025-03-06T02:12:08.148Z P:7252 T:7556] Commit::ReportFullCommitFailure,Commit Autofill Profiles, Autofill failed with error: NetworkError
2025-03-06T02:12:08.148Z P:7252 T:7556] SyncSchedulerImpl::DoNudgeSyncCycleJob,Syncer error: Network error (ERR_IO_PENDING)
2025-03-06T02:13:13.896Z P:77676 T:45380] SyncServiceImpl::Initialize,SyncState after authenticated was: FeatureCanStart
2025-03-06T02:24:54.476Z P:56380 T:56748] SyncServiceImpl::Initialize,SyncState after authenticated was: FeatureCanStart
2025-03-06T02:27:23.225Z P:56380 T:56748] SyncAuthManager::SetLastAuthError,Current auth error: PERSISTENT_ERROR, EDGE_AUTH_ERROR: 3, 13, 8009030e
2025-03-06T02:27:23.225Z P:56380 T:56748] SyncServiceImpl::CredentialsChanged,Credentials changed for: EdgeSyncScopeNew
2025-03-06T02:27:23.229Z P:56380 T:56748] SyncServiceImpl::ResetEngine,Reset engine with reason: 6
2025-03-06T02:27:23.229Z P:56380 T:56748] ModelLoadManager::Stop,Stopped: Bookmarks
2025-03-06T02:27:23.229Z P:56380 T:56748] ModelLoadManager::Stop,Stopped: Preferences
2025-03-06T02:27:23.229Z P:56380 T:56748] ModelLoadManager::Stop,Stopped: Passwords
2025-03-06T02:27:23.229Z P:56380 T:56748] ModelLoadManager::Stop,Stopped: Autofill Profiles
2025-03-06T02:27:23.229Z P:56380 T:56748] ModelLoadManager::Stop,Stopped: Autofill
2025-03-06T02:27:23.229Z P:56380 T:56748] ModelLoadManager::Stop,Stopped: Extensions
2025-03-06T02:27:23.229Z P:56380 T:56748] ModelLoadManager::Stop,Stopped: Sessions
2025-03-06T02:27:23.229Z P:56380 T:56748] ModelLoadManager::Stop,Stopped: Extension settings
2025-03-06T02:27:23.229Z P:56380 T:56748] ModelLoadManager::Stop,Stopped: History Delete Directives
2025-03-06T02:27:23.229Z P:56380 T:56748] ModelLoadManager::Stop,Stopped: Device Info
2025-03-06T02:27:23.229Z P:56380 T:56748] ModelLoadManager::Stop,Stopped: User Consents
2025-03-06T02:27:23.229Z P:56380 T:56748] ModelLoadManager::Stop,Stopped: Send Tab To Self
2025-03-06T02:27:23.229Z P:56380 T:56748] ModelLoadManager::Stop,Stopped: Web Apps
2025-03-06T02:27:23.229Z P:56380 T:56748] ModelLoadManager::Stop,Stopped: History
2025-03-06T02:27:23.229Z P:56380 T:56748] ModelLoadManager::Stop,Stopped: Collection
2025-03-06T02:27:23.229Z P:56380 T:56748] ModelLoadManager::Stop,Stopped: Edge E Drop
2025-03-06T02:27:23.229Z P:56380 T:56748] ModelLoadManager::Stop,Stopped: Edge Hub App Usage
2025-03-06T02:27:23.229Z P:56380 T:56748] ModelLoadManager::Stop,Stopped: Edge Tab Group
2025-03-06T02:27:23.229Z P:56380 T:56748] ModelLoadManager::Stop,Stopped: Edge Wallet
2025-03-06T02:27:23.230Z P:56380 T:56748] SyncAuthManager::SetLastAuthError,Current auth error: PERSISTENT_ERROR, EDGE_AUTH_ERROR: 3, 13, 8009030e
2025-03-06T02:27:23.230Z P:56380 T:56748] SyncServiceImpl::CredentialsChangedForKeyData,Credentials changed for: EdgeSyncKeyDataScope
2025-03-06T02:27:36.925Z P:56380 T:56748] SyncAuthManager::SetLastAuthError,Current auth error: None
2025-03-06T02:27:36.926Z P:56380 T:56748] SyncAuthManager::EdgeLogTokenErrorState,Token error with: None for account type: MSA
2025-03-06T02:27:36.926Z P:56380 T:56748] SyncServiceImpl::CredentialsChanged,Credentials changed for: EdgeSyncScopeNew
2025-03-06T02:27:36.928Z P:56380 T:56748] SyncServiceImpl::TryStartImpl,Try to start sync engine
2025-03-06T02:27:36.931Z P:56380 T:55312] SyncManagerImpl::NudgeForInitialDownload,Initial download nudge for Encryption Keys
2025-03-06T02:27:36.931Z P:56380 T:55312] SyncEngineBackend::LoadAndConnectNigoriController,Load and connect Nigori controller
2025-03-06T02:27:36.931Z P:56380 T:55312] SyncEngineBackend::DoInitialize,Control Types added: Encryption Keys
2025-03-06T02:27:36.931Z P:56380 T:55312] SyncManagerImpl::ConfigureSyncer,Types to download: Encryption Keys with reason: 3
2025-03-06T02:27:36.931Z P:56380 T:55312] SyncSchedulerImpl::DoConfigurationSyncCycleJob,Blocked types:  and types to download: Encryption Keys
2025-03-06T02:27:37.340Z P:56380 T:56748] SyncServiceImpl::OnEngineInitialized,Initialize engine with: Success
2025-03-06T02:27:37.340Z P:56380 T:56748] SyncServiceImpl::ConfigureDataTypeManager,Configure DataTypeManager with reason: 4
2025-03-06T02:27:37.341Z P:56380 T:56748] DataTypeManagerImpl::ConfigureImpl,Configuring types: Bookmarks, Preferences, Passwords, Autofill Profiles, Autofill, Extensions, Sessions, Extension settings, History Delete Directives, Device Info, User Consents, Send Tab To Self, Web Apps, History, Collection, Edge E Drop, Edge Hub App Usage, Edge Tab Group, Edge Wallet, Encryption Keys with reason: 4 and current state: 0
2025-03-06T02:27:37.341Z P:56380 T:55312] SyncEngineBackend::DoStartConfiguration,Start configuration
2025-03-06T02:27:37.344Z P:56380 T:56748] ModelLoadManager::Configure,Desired types without errors: Bookmarks, Preferences, Extensions, Sessions, Extension settings, History Delete Directives, Device Info, User Consents, Send Tab To Self, Web Apps, History, Collection, Edge E Drop, Edge Hub App Usage, Edge Tab Group, Edge Wallet, Encryption Keys and types with errors: Passwords, Autofill Profiles, Autofill
2025-03-06T02:27:37.344Z P:56380 T:56748] ModelLoadManager::LoadDesiredTypes,Loading type: Bookmarks
2025-03-06T02:27:37.344Z P:56380 T:56748] ModelLoadManager::LoadDesiredTypes,Loading type: Preferences
2025-03-06T02:27:37.344Z P:56380 T:56748] ModelLoadManager::LoadDesiredTypes,Loading type: Extensions
2025-03-06T02:27:37.344Z P:56380 T:56748] ModelLoadManager::LoadDesiredTypes,Loading type: Sessions
2025-03-06T02:27:37.344Z P:56380 T:56748] ModelLoadManager::LoadDesiredTypes,Loading type: Extension settings
2025-03-06T02:27:37.344Z P:56380 T:56748] ModelLoadManager::LoadDesiredTypes,Loading type: History Delete Directives
2025-03-06T02:27:37.344Z P:56380 T:56748] ModelLoadManager::LoadDesiredTypes,Loading type: Device Info
2025-03-06T02:27:37.344Z P:56380 T:56748] ModelLoadManager::LoadDesiredTypes,Loading type: User Consents
2025-03-06T02:27:37.344Z P:56380 T:56748] ModelLoadManager::LoadDesiredTypes,Loading type: Send Tab To Self
2025-03-06T02:27:37.344Z P:56380 T:56748] ModelLoadManager::LoadDesiredTypes,Loading type: Web Apps
2025-03-06T02:27:37.344Z P:56380 T:56748] ModelLoadManager::LoadDesiredTypes,Loading type: History
2025-03-06T02:27:37.344Z P:56380 T:56748] ModelLoadManager::LoadDesiredTypes,Loading type: Collection
2025-03-06T02:27:37.344Z P:56380 T:56748] ModelLoadManager::LoadDesiredTypes,Loading type: Edge E Drop
2025-03-06T02:27:37.344Z P:56380 T:56748] ModelLoadManager::LoadDesiredTypes,Loading type: Edge Hub App Usage
2025-03-06T02:27:37.344Z P:56380 T:56748] ModelLoadManager::LoadDesiredTypes,Loading type: Edge Tab Group
2025-03-06T02:27:37.344Z P:56380 T:56748] ModelLoadManager::LoadDesiredTypes,Loading type: Edge Wallet
2025-03-06T02:27:37.358Z P:56380 T:56748] DataTypeManagerImpl::OnAllDataTypesReadyForConfigure,Start to configure data types
2025-03-06T02:27:37.358Z P:56380 T:56748] DataTypeManagerImpl::StartNextConfiguration,Remain to be configured size: 5 and next configuring types are: Encryption Keys
2025-03-06T02:27:37.358Z P:56380 T:55312] SyncManagerImpl::NudgeForInitialDownload,Initial download nudge for Bookmarks
2025-03-06T02:27:37.358Z P:56380 T:56748] DataTypeManagerImpl::PrepareConfigureParams,Prepare to be configured types:  with disabled types: Passwords, Autofill Profiles, Autofill, Autofill Wallet, Autofill Wallet Metadata, Autofill Wallet Offer, Autofill Custom Data, Edge Autofill Form Field Data, Edge Autofill Form Field Ss Data, Themes, Typed URLs, Search Engines, Apps, App settings, Dictionary, Priority Preferences, Managed User Settings, App List, Arc Package, Printers, Reading List, User Events, Security Events, Wifi Configurations, OS Preferences, OS Priority Preferences, Sharing Message, Workspace Desk, Saved Tab Group, Shared Tab Group Data, Collaboration Group, Plus Address, Product Comparison, Cookies, Plus Address Setting, Collections Metadata, Edge Hub App
2025-03-06T02:27:37.358Z P:56380 T:55312] SyncManagerImpl::NudgeForInitialDownload,Initial download nudge for Extensions
2025-03-06T02:27:37.359Z P:56380 T:55312] SyncManagerImpl::NudgeForInitialDownload,Initial download nudge for Extension settings
2025-03-06T02:27:37.359Z P:56380 T:55312] SyncManagerImpl::NudgeForInitialDownload,Initial download nudge for History Delete Directives
2025-03-06T02:27:37.359Z P:56380 T:55312] SyncManagerImpl::NudgeForInitialDownload,Initial download nudge for Send Tab To Self
2025-03-06T02:27:37.359Z P:56380 T:55312] SyncManagerImpl::NudgeForInitialDownload,Initial download nudge for Web Apps
2025-03-06T02:27:37.359Z P:56380 T:55312] SyncManagerImpl::NudgeForInitialDownload,Initial download nudge for Collection
2025-03-06T02:27:37.359Z P:56380 T:55312] SyncManagerImpl::NudgeForInitialDownload,Initial download nudge for Edge E Drop
2025-03-06T02:27:37.359Z P:56380 T:55312] SyncManagerImpl::NudgeForInitialDownload,Initial download nudge for Edge Hub App Usage
2025-03-06T02:27:37.359Z P:56380 T:55312] SyncManagerImpl::NudgeForInitialDownload,Initial download nudge for Edge Tab Group
2025-03-06T02:27:37.359Z P:56380 T:55312] SyncManagerImpl::ConfigureSyncer,Types to download:  with reason: 4
2025-03-06T02:27:37.359Z P:56380 T:55312] SyncEngineBackend::DoFinishConfigureDataTypes,Failed to download types:  and succeeded types: 
2025-03-06T02:27:37.359Z P:56380 T:56748] DataTypeManagerImpl::ConfigurationCompleted,Remain to be configured size: 4
2025-03-06T02:27:37.359Z P:56380 T:56748] DataTypeManagerImpl::StartNextConfiguration,Remain to be configured size: 4 and next configuring types are: Preferences, Device Info, Send Tab To Self, Edge E Drop
2025-03-06T02:27:37.359Z P:56380 T:56748] DataTypeManagerImpl::PrepareConfigureParams,Prepare to be configured types: Send Tab To Self, Edge E Drop, Encryption Keys with disabled types: Passwords, Autofill Profiles, Autofill, Autofill Wallet, Autofill Wallet Metadata, Autofill Wallet Offer, Autofill Custom Data, Edge Autofill Form Field Data, Edge Autofill Form Field Ss Data, Themes, Typed URLs, Search Engines, Apps, App settings, Dictionary, Priority Preferences, Managed User Settings, App List, Arc Package, Printers, Reading List, User Events, Security Events, Wifi Configurations, OS Preferences, OS Priority Preferences, Sharing Message, Workspace Desk, Saved Tab Group, Shared Tab Group Data, Collaboration Group, Plus Address, Product Comparison, Cookies, Plus Address Setting, Collections Metadata, Edge Hub App
2025-03-06T02:27:37.359Z P:56380 T:55312] SyncManagerImpl::ConfigureSyncer,Types to download: Send Tab To Self, Edge E Drop, Encryption Keys with reason: 4
2025-03-06T02:27:37.360Z P:56380 T:55312] SyncSchedulerImpl::DoConfigurationSyncCycleJob,Blocked types:  and types to download: Send Tab To Self, Edge E Drop, Encryption Keys
2025-03-06T02:27:37.494Z P:56380 T:55312] SyncEngineBackend::DoFinishConfigureDataTypes,Failed to download types:  and succeeded types: Send Tab To Self, Edge E Drop, Encryption Keys
2025-03-06T02:27:37.496Z P:56380 T:56748] DataTypeManagerImpl::ConfigurationCompleted,Remain to be configured size: 3
2025-03-06T02:27:37.496Z P:56380 T:56748] DataTypeManagerImpl::StartNextConfiguration,Remain to be configured size: 3 and next configuring types are: Bookmarks
2025-03-06T02:27:37.496Z P:56380 T:56748] DataTypeManagerImpl::PrepareConfigureParams,Prepare to be configured types: Bookmarks, Encryption Keys with disabled types: Passwords, Autofill Profiles, Autofill, Autofill Wallet, Autofill Wallet Metadata, Autofill Wallet Offer, Autofill Custom Data, Edge Autofill Form Field Data, Edge Autofill Form Field Ss Data, Themes, Typed URLs, Search Engines, Apps, App settings, Dictionary, Priority Preferences, Managed User Settings, App List, Arc Package, Printers, Reading List, User Events, Security Events, Wifi Configurations, OS Preferences, OS Priority Preferences, Sharing Message, Workspace Desk, Saved Tab Group, Shared Tab Group Data, Collaboration Group, Plus Address, Product Comparison, Cookies, Plus Address Setting, Collections Metadata, Edge Hub App
2025-03-06T02:27:37.496Z P:56380 T:55312] SyncManagerImpl::ConfigureSyncer,Types to download: Bookmarks, Encryption Keys with reason: 4
2025-03-06T02:27:37.496Z P:56380 T:55312] SyncSchedulerImpl::DoConfigurationSyncCycleJob,Blocked types:  and types to download: Bookmarks, Encryption Keys
2025-03-06T02:27:37.639Z P:56380 T:55312] SyncEngineBackend::DoFinishConfigureDataTypes,Failed to download types:  and succeeded types: Bookmarks, Encryption Keys
2025-03-06T02:27:37.651Z P:56380 T:56748] DataTypeManagerImpl::ConfigurationCompleted,Remain to be configured size: 2
2025-03-06T02:27:37.651Z P:56380 T:56748] DataTypeManagerImpl::StartNextConfiguration,Remain to be configured size: 2 and next configuring types are: Extensions, Sessions, Extension settings, History Delete Directives, User Consents, Web Apps, Collection, Edge Hub App Usage, Edge Tab Group, Edge Wallet
2025-03-06T02:27:37.651Z P:56380 T:56748] DataTypeManagerImpl::PrepareConfigureParams,Prepare to be configured types: Extensions, Extension settings, History Delete Directives, Web Apps, Collection, Edge Hub App Usage, Edge Tab Group, Encryption Keys with disabled types: Passwords, Autofill Profiles, Autofill, Autofill Wallet, Autofill Wallet Metadata, Autofill Wallet Offer, Autofill Custom Data, Edge Autofill Form Field Data, Edge Autofill Form Field Ss Data, Themes, Typed URLs, Search Engines, Apps, App settings, Dictionary, Priority Preferences, Managed User Settings, App List, Arc Package, Printers, Reading List, User Events, Security Events, Wifi Configurations, OS Preferences, OS Priority Preferences, Sharing Message, Workspace Desk, Saved Tab Group, Shared Tab Group Data, Collaboration Group, Plus Address, Product Comparison, Cookies, Plus Address Setting, Collections Metadata, Edge Hub App
2025-03-06T02:27:37.652Z P:56380 T:55312] SyncManagerImpl::ConfigureSyncer,Types to download: Extensions, Extension settings, History Delete Directives, Web Apps, Collection, Edge Hub App Usage, Edge Tab Group, Encryption Keys with reason: 4
2025-03-06T02:27:37.652Z P:56380 T:55312] SyncSchedulerImpl::DoConfigurationSyncCycleJob,Blocked types:  and types to download: Extensions, Extension settings, History Delete Directives, Web Apps, Collection, Edge Hub App Usage, Edge Tab Group, Encryption Keys
2025-03-06T02:27:37.989Z P:56380 T:55312] SyncEngineBackend::DoFinishConfigureDataTypes,Failed to download types:  and succeeded types: Extensions, Extension settings, History Delete Directives, Web Apps, Collection, Edge Hub App Usage, Edge Tab Group, Encryption Keys
2025-03-06T02:27:37.992Z P:56380 T:56748] DataTypeManagerImpl::ConfigurationCompleted,Remain to be configured size: 1
2025-03-06T02:27:37.996Z P:56380 T:56748] DataTypeManagerImpl::StartNextConfiguration,Remain to be configured size: 1 and next configuring types are: History
2025-03-06T02:27:37.996Z P:56380 T:56748] DataTypeManagerImpl::PrepareConfigureParams,Prepare to be configured types:  with disabled types: Passwords, Autofill Profiles, Autofill, Autofill Wallet, Autofill Wallet Metadata, Autofill Wallet Offer, Autofill Custom Data, Edge Autofill Form Field Data, Edge Autofill Form Field Ss Data, Themes, Typed URLs, Search Engines, Apps, App settings, Dictionary, Priority Preferences, Managed User Settings, App List, Arc Package, Printers, Reading List, User Events, Security Events, Wifi Configurations, OS Preferences, OS Priority Preferences, Sharing Message, Workspace Desk, Saved Tab Group, Shared Tab Group Data, Collaboration Group, Plus Address, Product Comparison, Cookies, Plus Address Setting, Collections Metadata, Edge Hub App
2025-03-06T02:27:37.996Z P:56380 T:55312] SyncManagerImpl::ConfigureSyncer,Types to download:  with reason: 4
2025-03-06T02:27:37.996Z P:56380 T:55312] SyncEngineBackend::DoFinishConfigureDataTypes,Failed to download types:  and succeeded types: 
2025-03-06T02:27:37.996Z P:56380 T:56748] DataTypeManagerImpl::ConfigurationCompleted,Remain to be configured size: 0
2025-03-06T02:27:38.001Z P:56380 T:56748] SyncServiceImpl::OnConfigureDone,Configure DataTypeManager with: Ok
2025-03-06T02:27:38.005Z P:56380 T:57536] SyncEngineBackend::DoStartSyncing,Start syncing
2025-03-06T02:27:39.637Z P:56380 T:57536] Commit::PostAndProcessResponse,Process Preferences: Protocol error (CONFLICT)
2025-03-06T02:27:39.640Z P:56380 T:57536] SyncSchedulerImpl::DoNudgeSyncCycleJob,Syncer error: Protocol error (CONFLICT)
2025-03-06T02:27:41.839Z P:56380 T:55312] Commit::PostAndProcessResponse,Process Preferences: Protocol error (CONFLICT)
2025-03-06T02:27:41.839Z P:56380 T:55312] Commit::RecordUnhealthyCommitError,Preferences: CONFLICT
2025-03-06T02:27:41.841Z P:56380 T:55312] SyncSchedulerImpl::DoNudgeSyncCycleJob,Syncer error: Protocol error (CONFLICT)
2025-03-06T02:28:15.122Z P:56380 T:56748] SyncAuthManager::SetLastAuthError,Current auth error: Invalid credentials (credentials rejected by client).
2025-03-06T02:28:15.122Z P:56380 T:56748] SyncAuthManager::EdgeLogTokenErrorState,Token error with: Invalid credentials (credentials rejected by client). for account type: MSA
2025-03-06T02:28:15.122Z P:56380 T:56748] SyncServiceImpl::CredentialsChangedForKeyData,Credentials changed for: EdgeSyncKeyDataScope
2025-03-06T02:28:17.835Z P:56380 T:56748] SyncServiceImpl::ResetEngine,Reset engine with reason: 0
2025-03-06T02:28:17.835Z P:56380 T:56748] SyncServiceImpl::ResetEngine,Reset engine with reason: 0
2025-03-06T02:28:17.836Z P:56380 T:55312] SyncSchedulerImpl::DoNudgeSyncCycleJob,Syncer error: Protocol error (CONFLICT)
2025-03-06T02:28:20.414Z P:76904 T:74832] SyncServiceImpl::Initialize,SyncState after authenticated was: FeatureCanStart
2025-03-06T02:28:26.624Z P:76904 T:74832] SyncAuthManager::SetLastAuthError,Current auth error: PERSISTENT_ERROR, EDGE_AUTH_ERROR: 3, 13, 8009030e
2025-03-06T02:28:26.624Z P:76904 T:74832] SyncServiceImpl::CredentialsChanged,Credentials changed for: EdgeSyncScopeNew
2025-03-06T02:28:26.628Z P:76904 T:74832] SyncServiceImpl::ResetEngine,Reset engine with reason: 6
2025-03-06T02:28:26.628Z P:76904 T:74832] ModelLoadManager::Stop,Stopped: Bookmarks
2025-03-06T02:28:26.628Z P:76904 T:74832] ModelLoadManager::Stop,Stopped: Preferences
2025-03-06T02:28:45.254Z P:21132 T:68912] SyncServiceImpl::Initialize,SyncState after authenticated was: FeatureCanStart
2025-03-06T02:28:53.481Z P:21132 T:68912] SyncAuthManager::SetLastAuthError,Current auth error: PERSISTENT_ERROR, EDGE_AUTH_ERROR: 3, 13, 8009030e
2025-03-06T02:28:53.481Z P:21132 T:68912] SyncServiceImpl::CredentialsChanged,Credentials changed for: EdgeSyncScopeNew
2025-03-06T02:28:53.482Z P:21132 T:68912] SyncServiceImpl::ResetEngine,Reset engine with reason: 6
2025-03-06T02:28:53.482Z P:21132 T:68912] ModelLoadManager::Stop,Stopped: Bookmarks
2025-03-06T02:28:53.482Z P:21132 T:68912] ModelLoadManager::Stop,Stopped: Preferences
2025-03-06T02:28:53.482Z P:21132 T:68912] ModelLoadManager::Stop,Stopped: Passwords
2025-03-06T02:28:53.483Z P:21132 T:68912] ModelLoadManager::Stop,Stopped: Autofill Profiles
2025-03-06T02:28:53.483Z P:21132 T:68912] ModelLoadManager::Stop,Stopped: Autofill
2025-03-06T02:28:53.483Z P:21132 T:68912] ModelLoadManager::Stop,Stopped: Extensions
2025-03-06T02:28:53.483Z P:21132 T:68912] ModelLoadManager::Stop,Stopped: Sessions
2025-03-06T02:28:53.483Z P:21132 T:68912] ModelLoadManager::Stop,Stopped: Extension settings
2025-03-06T02:28:53.483Z P:21132 T:68912] ModelLoadManager::Stop,Stopped: History Delete Directives
2025-03-06T02:28:53.483Z P:21132 T:68912] ModelLoadManager::Stop,Stopped: Device Info
2025-03-06T02:28:53.483Z P:21132 T:68912] ModelLoadManager::Stop,Stopped: User Consents
2025-03-06T02:28:53.483Z P:21132 T:68912] ModelLoadManager::Stop,Stopped: Send Tab To Self
2025-03-06T02:28:53.483Z P:21132 T:68912] ModelLoadManager::Stop,Stopped: Web Apps
2025-03-06T02:28:53.483Z P:21132 T:68912] ModelLoadManager::Stop,Stopped: History
2025-03-06T02:28:53.483Z P:21132 T:68912] ModelLoadManager::Stop,Stopped: Collection
2025-03-06T02:28:53.483Z P:21132 T:68912] ModelLoadManager::Stop,Stopped: Edge E Drop
2025-03-06T02:28:53.483Z P:21132 T:68912] ModelLoadManager::Stop,Stopped: Edge Hub App Usage
2025-03-06T02:28:53.483Z P:21132 T:68912] ModelLoadManager::Stop,Stopped: Edge Tab Group
2025-03-06T02:28:53.483Z P:21132 T:68912] ModelLoadManager::Stop,Stopped: Edge Wallet
2025-03-06T02:28:53.483Z P:21132 T:68912] SyncAuthManager::SetLastAuthError,Current auth error: PERSISTENT_ERROR, EDGE_AUTH_ERROR: 3, 13, 8009030e
2025-03-06T02:28:53.483Z P:21132 T:68912] SyncServiceImpl::CredentialsChangedForKeyData,Credentials changed for: EdgeSyncKeyDataScope
2025-03-06T03:54:18.844Z P:16824 T:10976] SyncServiceImpl::Initialize,SyncState after authenticated was: FeatureCanStart
2025-03-06T04:14:04.982Z P:16824 T:10976] SyncAuthManager::SetLastAuthError,Current auth error: PERSISTENT_ERROR, EDGE_AUTH_ERROR: 3, 13, 8009030e
2025-03-06T04:14:04.982Z P:16824 T:10976] SyncServiceImpl::CredentialsChanged,Credentials changed for: EdgeSyncScopeNew
2025-03-06T04:14:04.983Z P:16824 T:10976] SyncServiceImpl::ResetEngine,Reset engine with reason: 6
2025-03-06T04:14:04.983Z P:16824 T:10976] ModelLoadManager::Stop,Stopped: Bookmarks
2025-03-06T04:14:04.983Z P:16824 T:10976] ModelLoadManager::Stop,Stopped: Preferences
2025-03-06T04:14:04.983Z P:16824 T:10976] ModelLoadManager::Stop,Stopped: Passwords
2025-03-06T04:14:04.983Z P:16824 T:10976] ModelLoadManager::Stop,Stopped: Autofill Profiles
2025-03-06T04:14:04.983Z P:16824 T:10976] ModelLoadManager::Stop,Stopped: Autofill
2025-03-06T04:14:04.983Z P:16824 T:10976] ModelLoadManager::Stop,Stopped: Extensions
2025-03-06T04:14:04.983Z P:16824 T:10976] ModelLoadManager::Stop,Stopped: Sessions
2025-03-06T04:14:04.983Z P:16824 T:10976] ModelLoadManager::Stop,Stopped: Extension settings
2025-03-06T04:14:04.983Z P:16824 T:10976] ModelLoadManager::Stop,Stopped: History Delete Directives
2025-03-06T04:14:04.983Z P:16824 T:10976] ModelLoadManager::Stop,Stopped: Device Info
2025-03-06T04:14:04.983Z P:16824 T:10976] ModelLoadManager::Stop,Stopped: User Consents
2025-03-06T04:14:04.983Z P:16824 T:10976] ModelLoadManager::Stop,Stopped: Send Tab To Self
2025-03-06T04:14:04.983Z P:16824 T:10976] ModelLoadManager::Stop,Stopped: Web Apps
2025-03-06T04:14:04.983Z P:16824 T:10976] ModelLoadManager::Stop,Stopped: History
2025-03-06T04:14:04.983Z P:16824 T:10976] ModelLoadManager::Stop,Stopped: Collection
2025-03-06T04:14:04.983Z P:16824 T:10976] ModelLoadManager::Stop,Stopped: Edge E Drop
2025-03-06T04:14:04.983Z P:16824 T:10976] ModelLoadManager::Stop,Stopped: Edge Hub App Usage
2025-03-06T04:14:04.983Z P:16824 T:10976] ModelLoadManager::Stop,Stopped: Edge Tab Group
2025-03-06T04:14:04.983Z P:16824 T:10976] ModelLoadManager::Stop,Stopped: Edge Wallet
2025-03-06T04:14:04.983Z P:16824 T:10976] SyncAuthManager::SetLastAuthError,Current auth error: PERSISTENT_ERROR, EDGE_AUTH_ERROR: 3, 13, 8009030e
2025-03-06T04:14:04.983Z P:16824 T:10976] SyncServiceImpl::CredentialsChangedForKeyData,Credentials changed for: EdgeSyncKeyDataScope
2025-03-06T04:49:18.776Z P:29580 T:32644] SyncServiceImpl::Initialize,SyncState after authenticated was: FeatureCanStart
2025-03-06T16:10:12.402Z P:30868 T:71736] SyncServiceImpl::Initialize,SyncState after authenticated was: FeatureCanStart
2025-03-06T16:12:38.931Z P:30868 T:71736] SyncAuthManager::SetLastAuthError,Current auth error: PERSISTENT_ERROR, EDGE_AUTH_ERROR: 3, 13, 8009030e
2025-03-06T16:12:38.931Z P:30868 T:71736] SyncServiceImpl::CredentialsChanged,Credentials changed for: EdgeSyncScopeNew
2025-03-06T16:12:38.934Z P:30868 T:71736] SyncServiceImpl::ResetEngine,Reset engine with reason: 6
2025-03-06T16:12:38.934Z P:30868 T:71736] ModelLoadManager::Stop,Stopped: Bookmarks
2025-03-06T16:12:38.934Z P:30868 T:71736] ModelLoadManager::Stop,Stopped: Preferences
2025-03-06T16:12:38.934Z P:30868 T:71736] ModelLoadManager::Stop,Stopped: Passwords
2025-03-06T16:12:38.934Z P:30868 T:71736] ModelLoadManager::Stop,Stopped: Autofill Profiles
2025-03-06T16:12:38.934Z P:30868 T:71736] ModelLoadManager::Stop,Stopped: Autofill
2025-03-06T16:12:38.934Z P:30868 T:71736] ModelLoadManager::Stop,Stopped: Extensions
2025-03-06T16:12:38.934Z P:30868 T:71736] ModelLoadManager::Stop,Stopped: Sessions
2025-03-06T16:12:38.934Z P:30868 T:71736] ModelLoadManager::Stop,Stopped: Extension settings
2025-03-06T16:12:38.934Z P:30868 T:71736] ModelLoadManager::Stop,Stopped: History Delete Directives
2025-03-06T16:12:38.934Z P:30868 T:71736] ModelLoadManager::Stop,Stopped: Device Info
2025-03-06T16:12:38.934Z P:30868 T:71736] ModelLoadManager::Stop,Stopped: User Consents
2025-03-06T16:12:38.934Z P:30868 T:71736] ModelLoadManager::Stop,Stopped: Send Tab To Self
2025-03-06T16:12:38.934Z P:30868 T:71736] ModelLoadManager::Stop,Stopped: Web Apps
2025-03-06T16:12:38.934Z P:30868 T:71736] ModelLoadManager::Stop,Stopped: History
2025-03-06T16:12:38.935Z P:30868 T:71736] ModelLoadManager::Stop,Stopped: Collection
2025-03-06T16:12:38.935Z P:30868 T:71736] ModelLoadManager::Stop,Stopped: Edge E Drop
2025-03-06T16:12:38.935Z P:30868 T:71736] ModelLoadManager::Stop,Stopped: Edge Hub App Usage
2025-03-06T16:12:38.935Z P:30868 T:71736] ModelLoadManager::Stop,Stopped: Edge Tab Group
2025-03-06T16:12:38.935Z P:30868 T:71736] ModelLoadManager::Stop,Stopped: Edge Wallet
2025-03-06T16:12:38.935Z P:30868 T:71736] SyncAuthManager::SetLastAuthError,Current auth error: PERSISTENT_ERROR, EDGE_AUTH_ERROR: 3, 13, 8009030e
2025-03-06T16:12:38.935Z P:30868 T:71736] SyncServiceImpl::CredentialsChangedForKeyData,Credentials changed for: EdgeSyncKeyDataScope
2025-03-06T17:56:57.894Z P:36728 T:68224] SyncServiceImpl::Initialize,SyncState after authenticated was: FeatureCanStart
2025-03-06T18:56:58.145Z P:36728 T:68224] SyncServiceImpl::ResetEngine,Reset engine with reason: 0
2025-03-06T18:57:03.714Z P:35076 T:60740] SyncServiceImpl::Initialize,SyncState after authenticated was: FeatureCanStart
2025-03-06T19:08:15.038Z P:35076 T:60740] SyncAuthManager::EdgeLogTokenErrorState,Token error with: EDGE_AUTH_ERROR: 3, 49, 0 for account type: MSA
2025-03-06T19:08:15.038Z P:35076 T:60740] SyncServiceImpl::CredentialsChangedForKeyData,Credentials changed for: EdgeSyncKeyDataScope
2025-03-06T19:08:15.983Z P:35076 T:60740] SyncAuthManager::EdgeLogTokenErrorState,Token error with: EDGE_AUTH_ERROR: 3, 49, 0 for account type: MSA
2025-03-06T19:08:15.983Z P:35076 T:60740] SyncServiceImpl::CredentialsChangedForKeyData,Credentials changed for: EdgeSyncKeyDataScope
2025-03-06T19:08:17.572Z P:35076 T:60740] SyncServiceImpl::TryStartImpl,Try to start sync engine
2025-03-06T19:08:17.577Z P:35076 T:60740] SyncAuthManager::EdgeLogTokenErrorState,Token error with: EDGE_AUTH_ERROR: 3, 49, 0 for account type: MSA
2025-03-06T19:08:17.577Z P:35076 T:60740] SyncServiceImpl::CredentialsChanged,Credentials changed for: EdgeSyncScopeNew
2025-03-06T19:08:17.577Z P:35076 T:60740] SyncServiceImpl::CredentialsChanged,Empty token for: EdgeSyncScopeNew
2025-03-06T19:08:17.581Z P:35076 T:60740] SyncAuthManager::EdgeLogTokenErrorState,Token error with: EDGE_AUTH_ERROR: 3, 49, 0 for account type: MSA
2025-03-06T19:08:17.581Z P:35076 T:60740] SyncServiceImpl::CredentialsChanged,Credentials changed for: EdgeSyncScopeNew
2025-03-06T19:08:17.581Z P:35076 T:60740] SyncServiceImpl::CredentialsChanged,Empty token for: EdgeSyncScopeNew
2025-03-06T19:08:17.620Z P:35076 T:60740] SyncAuthManager::EdgeLogTokenErrorState,Token error with: EDGE_AUTH_ERROR: 3, 49, 0 for account type: MSA
2025-03-06T19:08:17.620Z P:35076 T:60740] SyncServiceImpl::CredentialsChangedForKeyData,Credentials changed for: EdgeSyncKeyDataScope
2025-03-06T19:08:17.629Z P:35076 T:28596] SyncEngineBackend::LoadAndConnectNigoriController,Load and connect Nigori controller
2025-03-06T19:08:17.629Z P:35076 T:28596] SyncEngineBackend::DoInitialize,Control Types added: 
2025-03-06T19:08:17.629Z P:35076 T:28596] SyncManagerImpl::ConfigureSyncer,Types to download:  with reason: 4
2025-03-06T19:08:17.635Z P:35076 T:60740] SyncServiceImpl::OnEngineInitialized,Initialize engine with: Success
2025-03-06T19:08:17.635Z P:35076 T:60740] SyncServiceImpl::ConfigureDataTypeManager,Configure DataTypeManager with reason: 4
2025-03-06T19:08:17.635Z P:35076 T:60740] DataTypeManagerImpl::ConfigureImpl,Configuring types: Bookmarks, Preferences, Passwords, Autofill Profiles, Autofill, Extensions, Sessions, Extension settings, History Delete Directives, Device Info, User Consents, Send Tab To Self, Web Apps, History, Collection, Edge E Drop, Edge Hub App Usage, Edge Tab Group, Edge Wallet, Encryption Keys with reason: 4 and current state: 0
2025-03-06T19:08:17.636Z P:35076 T:25692] SyncEngineBackend::DoStartConfiguration,Start configuration
2025-03-06T19:08:17.638Z P:35076 T:60740] ModelLoadManager::Configure,Desired types without errors: Bookmarks, Preferences, Extensions, Sessions, Extension settings, History Delete Directives, Device Info, User Consents, Send Tab To Self, Web Apps, History, Collection, Edge E Drop, Edge Hub App Usage, Edge Tab Group, Edge Wallet, Encryption Keys and types with errors: Passwords, Autofill Profiles, Autofill
2025-03-06T19:08:17.638Z P:35076 T:60740] ModelLoadManager::LoadDesiredTypes,Loading type: Bookmarks
2025-03-06T19:08:17.638Z P:35076 T:60740] ModelLoadManager::LoadDesiredTypes,Loading type: Preferences
2025-03-06T19:08:17.638Z P:35076 T:60740] ModelLoadManager::LoadDesiredTypes,Loading type: Extensions
2025-03-06T19:08:17.638Z P:35076 T:60740] ModelLoadManager::LoadDesiredTypes,Loading type: Sessions
2025-03-06T19:08:17.638Z P:35076 T:60740] ModelLoadManager::LoadDesiredTypes,Loading type: Extension settings
2025-03-06T19:08:17.638Z P:35076 T:60740] ModelLoadManager::LoadDesiredTypes,Loading type: History Delete Directives
2025-03-06T19:08:17.638Z P:35076 T:60740] ModelLoadManager::LoadDesiredTypes,Loading type: Device Info
2025-03-06T19:08:17.638Z P:35076 T:60740] ModelLoadManager::LoadDesiredTypes,Loading type: User Consents
2025-03-06T19:08:17.638Z P:35076 T:60740] ModelLoadManager::LoadDesiredTypes,Loading type: Send Tab To Self
2025-03-06T19:08:17.638Z P:35076 T:60740] ModelLoadManager::LoadDesiredTypes,Loading type: Web Apps
2025-03-06T19:08:17.638Z P:35076 T:60740] ModelLoadManager::LoadDesiredTypes,Loading type: History
2025-03-06T19:08:17.638Z P:35076 T:60740] ModelLoadManager::LoadDesiredTypes,Loading type: Collection
2025-03-06T19:08:17.638Z P:35076 T:60740] ModelLoadManager::LoadDesiredTypes,Loading type: Edge E Drop
2025-03-06T19:08:17.638Z P:35076 T:60740] ModelLoadManager::LoadDesiredTypes,Loading type: Edge Hub App Usage
2025-03-06T19:08:17.638Z P:35076 T:60740] ModelLoadManager::LoadDesiredTypes,Loading type: Edge Tab Group
2025-03-06T19:08:17.638Z P:35076 T:60740] ModelLoadManager::LoadDesiredTypes,Loading type: Edge Wallet
2025-03-06T19:08:17.641Z P:35076 T:60740] SyncServiceImpl::OnConnectionStatusChange,Connection status changed to: 2
2025-03-06T19:08:17.642Z P:35076 T:60740] SyncServiceImpl::OnConnectionStatusChange,Connection status changed to: 2
2025-03-06T19:08:17.725Z P:35076 T:60740] DataTypeManagerImpl::OnAllDataTypesReadyForConfigure,Start to configure data types
2025-03-06T19:08:17.725Z P:35076 T:60740] DataTypeManagerImpl::StartNextConfiguration,Remain to be configured size: 5 and next configuring types are: Encryption Keys
2025-03-06T19:08:17.725Z P:35076 T:60740] DataTypeManagerImpl::PrepareConfigureParams,Prepare to be configured types:  with disabled types: Passwords, Autofill Profiles, Autofill, Autofill Wallet, Autofill Wallet Metadata, Autofill Wallet Offer, Autofill Custom Data, Edge Autofill Form Field Data, Edge Autofill Form Field Ss Data, Themes, Typed URLs, Search Engines, Apps, App settings, Dictionary, Priority Preferences, Managed User Settings, App List, Arc Package, Printers, Reading List, User Events, Security Events, Wifi Configurations, OS Preferences, OS Priority Preferences, Sharing Message, Workspace Desk, Saved Tab Group, Shared Tab Group Data, Collaboration Group, Plus Address, Product Comparison, Cookies, Plus Address Setting, Collections Metadata, Edge Hub App
2025-03-06T19:08:17.725Z P:35076 T:25692] SyncManagerImpl::NudgeForInitialDownload,Initial download nudge for Send Tab To Self
2025-03-06T19:08:17.725Z P:35076 T:25692] SyncManagerImpl::ConfigureSyncer,Types to download:  with reason: 4
2025-03-06T19:08:17.725Z P:35076 T:25692] SyncEngineBackend::DoFinishConfigureDataTypes,Failed to download types:  and succeeded types: 
2025-03-06T19:08:17.726Z P:35076 T:60740] DataTypeManagerImpl::ConfigurationCompleted,Remain to be configured size: 4
2025-03-06T19:08:17.726Z P:35076 T:60740] DataTypeManagerImpl::StartNextConfiguration,Remain to be configured size: 4 and next configuring types are: Preferences, Device Info, Send Tab To Self, Edge E Drop
2025-03-06T19:08:17.726Z P:35076 T:60740] DataTypeManagerImpl::PrepareConfigureParams,Prepare to be configured types: Send Tab To Self, Encryption Keys with disabled types: Passwords, Autofill Profiles, Autofill, Autofill Wallet, Autofill Wallet Metadata, Autofill Wallet Offer, Autofill Custom Data, Edge Autofill Form Field Data, Edge Autofill Form Field Ss Data, Themes, Typed URLs, Search Engines, Apps, App settings, Dictionary, Priority Preferences, Managed User Settings, App List, Arc Package, Printers, Reading List, User Events, Security Events, Wifi Configurations, OS Preferences, OS Priority Preferences, Sharing Message, Workspace Desk, Saved Tab Group, Shared Tab Group Data, Collaboration Group, Plus Address, Product Comparison, Cookies, Plus Address Setting, Collections Metadata, Edge Hub App
2025-03-06T19:08:17.726Z P:35076 T:25692] SyncManagerImpl::ConfigureSyncer,Types to download: Send Tab To Self, Encryption Keys with reason: 4
2025-03-06T19:08:17.726Z P:35076 T:25692] SyncSchedulerImpl::DoConfigurationSyncCycleJob,Configure job was blocked
2025-03-06T19:08:19.310Z P:35076 T:60740] SyncAuthManager::EdgeLogTokenErrorState,Token error with: EDGE_AUTH_ERROR: 3, 49, 0 for account type: MSA
2025-03-06T19:08:19.310Z P:35076 T:60740] SyncServiceImpl::CredentialsChanged,Credentials changed for: EdgeSyncScopeNew
2025-03-06T19:08:19.310Z P:35076 T:60740] SyncServiceImpl::CredentialsChanged,Empty token for: EdgeSyncScopeNew
2025-03-06T19:08:19.312Z P:35076 T:60740] SyncServiceImpl::OnConnectionStatusChange,Connection status changed to: 2
2025-03-06T19:08:27.928Z P:35076 T:60740] SyncAuthManager::EdgeLogTokenErrorState,Token error with: EDGE_AUTH_ERROR: 3, 49, 0 for account type: MSA
2025-03-06T19:08:27.928Z P:35076 T:60740] SyncServiceImpl::CredentialsChangedForKeyData,Credentials changed for: EdgeSyncKeyDataScope
2025-03-06T19:08:27.928Z P:35076 T:60740] SyncAuthManager::EdgeLogTokenErrorState,Token error with: EDGE_AUTH_ERROR: 3, 49, 0 for account type: MSA
2025-03-06T19:08:27.928Z P:35076 T:60740] SyncServiceImpl::CredentialsChanged,Credentials changed for: EdgeSyncScopeNew
2025-03-06T19:08:27.928Z P:35076 T:60740] SyncServiceImpl::CredentialsChanged,Empty token for: EdgeSyncScopeNew
2025-03-06T19:08:27.974Z P:35076 T:60740] SyncServiceImpl::OnConnectionStatusChange,Connection status changed to: 2
2025-03-06T19:08:34.977Z P:35076 T:60740] SyncAuthManager::EdgeLogTokenErrorState,Token error with: EDGE_AUTH_ERROR: 3, 49, 0 for account type: MSA
2025-03-06T19:08:34.977Z P:35076 T:60740] SyncServiceImpl::CredentialsChanged,Credentials changed for: EdgeSyncScopeNew
2025-03-06T19:08:34.977Z P:35076 T:60740] SyncServiceImpl::CredentialsChanged,Empty token for: EdgeSyncScopeNew
2025-03-06T19:08:34.979Z P:35076 T:60740] SyncServiceImpl::OnConnectionStatusChange,Connection status changed to: 2
2025-03-06T19:08:35.890Z P:35076 T:60740] SyncAuthManager::EdgeLogTokenErrorState,Token error with: EDGE_AUTH_ERROR: 3, 49, 0 for account type: MSA
2025-03-06T19:08:35.890Z P:35076 T:60740] SyncServiceImpl::CredentialsChangedForKeyData,Credentials changed for: EdgeSyncKeyDataScope
2025-03-06T19:08:49.925Z P:35076 T:60740] SyncAuthManager::EdgeLogTokenErrorState,Token error with: EDGE_AUTH_ERROR: 3, 49, 0 for account type: MSA
2025-03-06T19:08:49.925Z P:35076 T:60740] SyncServiceImpl::CredentialsChanged,Credentials changed for: EdgeSyncScopeNew
2025-03-06T19:08:49.925Z P:35076 T:60740] SyncServiceImpl::CredentialsChanged,Empty token for: EdgeSyncScopeNew
2025-03-06T19:08:49.927Z P:35076 T:60740] SyncServiceImpl::OnConnectionStatusChange,Connection status changed to: 2
2025-03-06T19:08:51.472Z P:35076 T:60740] SyncAuthManager::EdgeLogTokenErrorState,Token error with: EDGE_AUTH_ERROR: 3, 49, 0 for account type: MSA
2025-03-06T19:08:51.472Z P:35076 T:60740] SyncServiceImpl::CredentialsChangedForKeyData,Credentials changed for: EdgeSyncKeyDataScope
2025-03-06T19:08:55.869Z P:16040 T:78368] SyncServiceImpl::Initialize,SyncState after authenticated was: FeatureCanStart
2025-03-06T19:10:03.121Z P:16040 T:78368] SyncAuthManager::EdgeLogTokenErrorState,Token error with: EDGE_AUTH_ERROR: 3, 49, 0 for account type: MSA
2025-03-06T19:10:03.121Z P:16040 T:78368] SyncServiceImpl::CredentialsChangedForKeyData,Credentials changed for: EdgeSyncKeyDataScope
2025-03-06T19:10:52.513Z P:72116 T:55772] SyncServiceImpl::Initialize,SyncState after authenticated was: FeatureCanStart
2025-03-06T19:11:45.505Z P:72116 T:55772] SyncAuthManager::EdgeLogTokenErrorState,Token error with: EDGE_AUTH_ERROR: 3, 49, 0 for account type: MSA
2025-03-06T19:16:59.341Z P:7356 T:7360] SyncServiceImpl::Initialize,SyncState after authenticated was: FeatureCanStart
2025-03-06T19:18:24.768Z P:7356 T:7360] SyncAuthManager::SetLastAuthError,Current auth error: PERSISTENT_ERROR, EDGE_AUTH_ERROR: 3, 13, 8009030e
2025-03-06T19:18:24.768Z P:7356 T:7360] SyncServiceImpl::CredentialsChanged,Credentials changed for: EdgeSyncScopeNew
2025-03-06T19:18:24.771Z P:7356 T:7360] SyncServiceImpl::ResetEngine,Reset engine with reason: 6
2025-03-06T19:18:24.771Z P:7356 T:7360] ModelLoadManager::Stop,Stopped: Bookmarks
2025-03-06T19:18:24.771Z P:7356 T:7360] ModelLoadManager::Stop,Stopped: Preferences
2025-03-06T19:18:24.771Z P:7356 T:7360] ModelLoadManager::Stop,Stopped: Passwords
2025-03-06T19:18:24.771Z P:7356 T:7360] ModelLoadManager::Stop,Stopped: Autofill Profiles
2025-03-06T19:18:24.771Z P:7356 T:7360] ModelLoadManager::Stop,Stopped: Autofill
2025-03-06T19:18:24.771Z P:7356 T:7360] ModelLoadManager::Stop,Stopped: Extensions
2025-03-06T19:18:24.771Z P:7356 T:7360] ModelLoadManager::Stop,Stopped: Sessions
2025-03-06T19:18:24.771Z P:7356 T:7360] ModelLoadManager::Stop,Stopped: Extension settings
2025-03-06T19:18:24.771Z P:7356 T:7360] ModelLoadManager::Stop,Stopped: History Delete Directives
2025-03-06T19:18:24.771Z P:7356 T:7360] ModelLoadManager::Stop,Stopped: Device Info
2025-03-06T19:18:24.771Z P:7356 T:7360] ModelLoadManager::Stop,Stopped: User Consents
2025-03-06T19:18:24.771Z P:7356 T:7360] ModelLoadManager::Stop,Stopped: Send Tab To Self
2025-03-06T19:18:24.771Z P:7356 T:7360] ModelLoadManager::Stop,Stopped: Web Apps
2025-03-06T19:18:24.771Z P:7356 T:7360] ModelLoadManager::Stop,Stopped: History
2025-03-06T19:18:24.771Z P:7356 T:7360] ModelLoadManager::Stop,Stopped: Collection
2025-03-06T19:18:24.771Z P:7356 T:7360] ModelLoadManager::Stop,Stopped: Edge E Drop
2025-03-06T19:18:24.771Z P:7356 T:7360] ModelLoadManager::Stop,Stopped: Edge Hub App Usage
2025-03-06T19:18:24.771Z P:7356 T:7360] ModelLoadManager::Stop,Stopped: Edge Tab Group
2025-03-06T19:18:24.771Z P:7356 T:7360] ModelLoadManager::Stop,Stopped: Edge Wallet
2025-03-06T19:18:24.772Z P:7356 T:7360] SyncAuthManager::SetLastAuthError,Current auth error: PERSISTENT_ERROR, EDGE_AUTH_ERROR: 3, 13, 8009030e
2025-03-06T19:18:24.772Z P:7356 T:7360] SyncServiceImpl::CredentialsChangedForKeyData,Credentials changed for: EdgeSyncKeyDataScope
2025-03-06T19:57:07.876Z P:7356 T:7360] SyncServiceImpl::ResetEngine,Reset engine with reason: 0
2025-03-06T19:57:12.816Z P:6360 T:6156] SyncServiceImpl::Initialize,SyncState after authenticated was: FeatureCanStart
2025-03-06T20:57:14.243Z P:6360 T:6156] SyncServiceImpl::ResetEngine,Reset engine with reason: 0
2025-03-06T20:57:35.239Z P:59760 T:59764] SyncServiceImpl::Initialize,SyncState after authenticated was: FeatureCanStart
2025-03-06T21:57:40.644Z P:59760 T:59764] SyncServiceImpl::ResetEngine,Reset engine with reason: 0
2025-03-06T21:57:45.435Z P:17224 T:16736] SyncServiceImpl::Initialize,SyncState after authenticated was: FeatureCanStart
2025-03-06T22:12:03.480Z P:17224 T:16736] SyncAuthManager::SetLastAuthError,Current auth error: PERSISTENT_ERROR, EDGE_AUTH_ERROR: 3, 13, 8009030e
2025-03-06T22:12:03.480Z P:17224 T:16736] SyncServiceImpl::CredentialsChanged,Credentials changed for: EdgeSyncScopeNew
2025-03-06T22:12:03.504Z P:17224 T:16736] SyncServiceImpl::ResetEngine,Reset engine with reason: 6
2025-03-06T22:12:03.504Z P:17224 T:16736] ModelLoadManager::Stop,Stopped: Bookmarks
2025-03-06T22:12:03.504Z P:17224 T:16736] ModelLoadManager::Stop,Stopped: Preferences
2025-03-06T22:12:03.504Z P:17224 T:16736] ModelLoadManager::Stop,Stopped: Passwords
2025-03-06T22:12:03.504Z P:17224 T:16736] ModelLoadManager::Stop,Stopped: Autofill Profiles
2025-03-06T22:12:03.504Z P:17224 T:16736] ModelLoadManager::Stop,Stopped: Autofill
2025-03-06T22:12:03.504Z P:17224 T:16736] ModelLoadManager::Stop,Stopped: Extensions
2025-03-06T22:12:03.504Z P:17224 T:16736] ModelLoadManager::Stop,Stopped: Sessions
2025-03-06T22:12:03.504Z P:17224 T:16736] ModelLoadManager::Stop,Stopped: Extension settings
2025-03-06T22:12:03.504Z P:17224 T:16736] ModelLoadManager::Stop,Stopped: History Delete Directives
2025-03-06T22:12:03.504Z P:17224 T:16736] ModelLoadManager::Stop,Stopped: Device Info
2025-03-06T22:12:03.504Z P:17224 T:16736] ModelLoadManager::Stop,Stopped: User Consents
2025-03-06T22:12:03.504Z P:17224 T:16736] ModelLoadManager::Stop,Stopped: Send Tab To Self
2025-03-06T22:12:03.504Z P:17224 T:16736] ModelLoadManager::Stop,Stopped: Web Apps
2025-03-06T22:12:03.504Z P:17224 T:16736] ModelLoadManager::Stop,Stopped: History
2025-03-06T22:12:03.504Z P:17224 T:16736] ModelLoadManager::Stop,Stopped: Collection
2025-03-06T22:12:03.504Z P:17224 T:16736] ModelLoadManager::Stop,Stopped: Edge E Drop
2025-03-06T22:12:03.504Z P:17224 T:16736] ModelLoadManager::Stop,Stopped: Edge Hub App Usage
2025-03-06T22:12:03.504Z P:17224 T:16736] ModelLoadManager::Stop,Stopped: Edge Tab Group
2025-03-06T22:12:03.504Z P:17224 T:16736] ModelLoadManager::Stop,Stopped: Edge Wallet
2025-03-06T22:12:03.504Z P:17224 T:16736] SyncAuthManager::SetLastAuthError,Current auth error: PERSISTENT_ERROR, EDGE_AUTH_ERROR: 3, 13, 8009030e
2025-03-06T22:12:03.504Z P:17224 T:16736] SyncServiceImpl::CredentialsChangedForKeyData,Credentials changed for: EdgeSyncKeyDataScope
2025-03-07T10:20:42.552Z P:20416 T:34324] SyncServiceImpl::Initialize,SyncState after authenticated was: FeatureCanStart
2025-03-07T10:52:12.360Z P:20416 T:34324] SyncAuthManager::SetLastAuthError,Current auth error: PERSISTENT_ERROR, EDGE_AUTH_ERROR: 3, 13, 8009030e
2025-03-07T10:52:12.361Z P:20416 T:34324] SyncServiceImpl::CredentialsChanged,Credentials changed for: EdgeSyncScopeNew
2025-03-07T10:52:12.361Z P:20416 T:34324] SyncServiceImpl::ResetEngine,Reset engine with reason: 6
2025-03-07T10:52:12.361Z P:20416 T:34324] ModelLoadManager::Stop,Stopped: Bookmarks
2025-03-07T10:52:12.361Z P:20416 T:34324] ModelLoadManager::Stop,Stopped: Preferences
2025-03-07T10:52:12.361Z P:20416 T:34324] ModelLoadManager::Stop,Stopped: Passwords
2025-03-07T10:52:12.361Z P:20416 T:34324] ModelLoadManager::Stop,Stopped: Autofill Profiles
2025-03-07T10:52:12.361Z P:20416 T:34324] ModelLoadManager::Stop,Stopped: Autofill
2025-03-07T10:52:12.361Z P:20416 T:34324] ModelLoadManager::Stop,Stopped: Extensions
2025-03-07T10:52:12.361Z P:20416 T:34324] ModelLoadManager::Stop,Stopped: Sessions
2025-03-07T10:52:12.362Z P:20416 T:34324] ModelLoadManager::Stop,Stopped: Extension settings
2025-03-07T10:52:12.362Z P:20416 T:34324] ModelLoadManager::Stop,Stopped: History Delete Directives
2025-03-07T10:52:12.362Z P:20416 T:34324] ModelLoadManager::Stop,Stopped: Device Info
2025-03-07T10:52:12.362Z P:20416 T:34324] ModelLoadManager::Stop,Stopped: User Consents
2025-03-07T10:52:12.362Z P:20416 T:34324] ModelLoadManager::Stop,Stopped: Send Tab To Self
2025-03-07T10:52:12.362Z P:20416 T:34324] ModelLoadManager::Stop,Stopped: Web Apps
2025-03-07T10:52:12.362Z P:20416 T:34324] ModelLoadManager::Stop,Stopped: History
2025-03-07T10:52:12.362Z P:20416 T:34324] ModelLoadManager::Stop,Stopped: Collection
2025-03-07T10:52:12.362Z P:20416 T:34324] ModelLoadManager::Stop,Stopped: Edge E Drop
2025-03-07T10:52:12.362Z P:20416 T:34324] ModelLoadManager::Stop,Stopped: Edge Hub App Usage
2025-03-07T10:52:12.362Z P:20416 T:34324] ModelLoadManager::Stop,Stopped: Edge Tab Group
2025-03-07T10:52:12.362Z P:20416 T:34324] ModelLoadManager::Stop,Stopped: Edge Wallet
2025-03-07T10:52:12.362Z P:20416 T:34324] SyncAuthManager::SetLastAuthError,Current auth error: PERSISTENT_ERROR, EDGE_AUTH_ERROR: 3, 13, 8009030e
2025-03-07T10:52:12.362Z P:20416 T:34324] SyncServiceImpl::CredentialsChangedForKeyData,Credentials changed for: EdgeSyncKeyDataScope
2025-03-07T13:03:43.936Z P:17752 T:20024] SyncServiceImpl::Initialize,SyncState after authenticated was: FeatureCanStart
2025-03-07T14:03:44.567Z P:17752 T:20024] SyncServiceImpl::ResetEngine,Reset engine with reason: 0
2025-03-07T14:03:49.186Z P:50348 T:55032] SyncServiceImpl::Initialize,SyncState after authenticated was: FeatureCanStart
2025-03-07T15:03:49.349Z P:50348 T:55032] SyncServiceImpl::ResetEngine,Reset engine with reason: 0
2025-03-07T15:03:51.751Z P:45088 T:75768] SyncServiceImpl::Initialize,SyncState after authenticated was: FeatureCanStart
2025-03-07T16:03:51.897Z P:45088 T:75768] SyncServiceImpl::ResetEngine,Reset engine with reason: 0
2025-03-07T16:03:52.925Z P:13908 T:70464] SyncServiceImpl::Initialize,SyncState after authenticated was: FeatureCanStart
2025-03-07T17:41:30.137Z P:2976 T:34216] SyncServiceImpl::Initialize,SyncState after authenticated was: FeatureCanStart
2025-03-07T18:41:30.807Z P:2976 T:34216] SyncServiceImpl::ResetEngine,Reset engine with reason: 0
2025-03-07T18:41:33.669Z P:10324 T:18012] SyncServiceImpl::Initialize,SyncState after authenticated was: FeatureCanStart
2025-03-07T19:41:33.852Z P:10324 T:18012] SyncServiceImpl::ResetEngine,Reset engine with reason: 0
2025-03-07T19:41:39.017Z P:17044 T:57200] SyncServiceImpl::Initialize,SyncState after authenticated was: FeatureCanStart
2025-03-08T15:14:31.313Z P:32092 T:30768] SyncServiceImpl::Initialize,SyncState after authenticated was: FeatureCanStart
2025-03-08T16:14:32.742Z P:32092 T:30768] SyncServiceImpl::ResetEngine,Reset engine with reason: 0
2025-03-08T16:14:42.309Z P:29320 T:23420] SyncServiceImpl::Initialize,SyncState after authenticated was: FeatureCanStart
